#-----------------------------------------------------------
# Vivado v2019.1 (64-bit)
# SW Build 2552052 on Fri May 24 14:49:42 MDT 2019
# IP Build 2548770 on Fri May 24 18:01:18 MDT 2019
# Start of session at: Fri May 13 17:48:09 2022
# Process ID: 14620
# Current directory: C:/Datos/UNAL/Materias/2022-1/Electronica_Digital_II/Laboratorios/Lab2-Digital-II/ALU_DivisorLab2
# Command line: vivado.exe -gui_launcher_event rodinguilauncherevent6808 C:\Datos\UNAL\Materias\2022-1\Electronica_Digital_II\Laboratorios\Lab2-Digital-II\ALU_DivisorLab2\ALU_DivisorLab2.xpr
# Log file: C:/Datos/UNAL/Materias/2022-1/Electronica_Digital_II/Laboratorios/Lab2-Digital-II/ALU_DivisorLab2/vivado.log
# Journal file: C:/Datos/UNAL/Materias/2022-1/Electronica_Digital_II/Laboratorios/Lab2-Digital-II/ALU_DivisorLab2\vivado.jou
#-----------------------------------------------------------
start_gui
open_project C:/Datos/UNAL/Materias/2022-1/Electronica_Digital_II/Laboratorios/Lab2-Digital-II/ALU_DivisorLab2/ALU_DivisorLab2.xpr
update_compile_order -fileset sources_1
synth_design -rtl -name rtl_1
close_design
open_run impl_1
close_design
open_run impl_1
set_property target_constrs_file C:/Datos/UNAL/Materias/2022-1/Electronica_Digital_II/Laboratorios/Lab2-Digital-II/ALU_DivisorLab2/ALU_DivisorLab2.srcs/constrs_1/new/pies.xdc [current_fileset -constrset]
close_design
launch_simulation
source testbench.tcl
run 3.7 ms
close [ open C:/Datos/UNAL/Materias/2022-1/Electronica_Digital_II/Laboratorios/Lab2-Digital-II/Modulos/detector.v w ]
add_files C:/Datos/UNAL/Materias/2022-1/Electronica_Digital_II/Laboratorios/Lab2-Digital-II/Modulos/detector.v
update_compile_order -fileset sources_1
update_compile_order -fileset sources_1
relaunch_sim
close_sim
launch_simulation
launch_simulation
source testbench.tcl
run 3.7 ms
relaunch_sim
update_compile_order -fileset sources_1
relaunch_sim
run 3.7 ms
update_compile_order -fileset sources_1
relaunch_sim
run 3.7 ms
relaunch_sim
run 3.7 ms
relaunch_sim
run 3.7 ms
relaunch_sim
run 3.7 ms
relaunch_sim
run 4 ms
relaunch_sim
run 4.5 ms
relaunch_sim
run 4.5 ms
relaunch_sim
relaunch_sim
run 4.5 ms
relaunch_sim
run 4.5 ms
relaunch_sim
run 4.5 ms
relaunch_sim
run 4.5 ms
relaunch_sim
step
relaunch_sim
run 4.5 ms
close_sim
reset_run synth_1
launch_runs impl_1 -to_step write_bitstream -jobs 4
wait_on_run impl_1
