#-----------------------------------------------------------
# Vivado v2019.1 (64-bit)
# SW Build 2552052 on Fri May 24 14:49:42 MDT 2019
# IP Build 2548770 on Fri May 24 18:01:18 MDT 2019
# Start of session at: Mon Apr 25 22:51:40 2022
# Process ID: 3368
# Current directory: C:/Users/SERGIO/Documents/Digital2Lab/Lab2-Digital-II/ALU_DivisorLab2
# Command line: vivado.exe -gui_launcher_event rodinguilauncherevent7852 C:\Users\SERGIO\Documents\Digital2Lab\Lab2-Digital-II\ALU_DivisorLab2\ALU_DivisorLab2.xpr
# Log file: C:/Users/SERGIO/Documents/Digital2Lab/Lab2-Digital-II/ALU_DivisorLab2/vivado.log
# Journal file: C:/Users/SERGIO/Documents/Digital2Lab/Lab2-Digital-II/ALU_DivisorLab2\vivado.jou
#-----------------------------------------------------------
start_gui
open_project C:/Users/SERGIO/Documents/Digital2Lab/Lab2-Digital-II/ALU_DivisorLab2/ALU_DivisorLab2.xpr
update_compile_order -fileset sources_1
launch_simulation
source testbench.tcl
run 2.1 ms
synth_design -rtl -name rtl_1
close_sim
