#-----------------------------------------------------------
# Vivado v2019.1 (64-bit)
# SW Build 2552052 on Fri May 24 14:49:42 MDT 2019
# IP Build 2548770 on Fri May 24 18:01:18 MDT 2019
# Start of session at: Wed May 11 10:28:46 2022
# Process ID: 12168
# Current directory: C:/Datos/UNAL/Materias/2022-1/Electronica_Digital_II/Laboratorios/Lab2-Digital-II/ALU_DivisorLab2
# Command line: vivado.exe -gui_launcher_event rodinguilauncherevent15816 C:\Datos\UNAL\Materias\2022-1\Electronica_Digital_II\Laboratorios\Lab2-Digital-II\ALU_DivisorLab2\ALU_DivisorLab2.xpr
# Log file: C:/Datos/UNAL/Materias/2022-1/Electronica_Digital_II/Laboratorios/Lab2-Digital-II/ALU_DivisorLab2/vivado.log
# Journal file: C:/Datos/UNAL/Materias/2022-1/Electronica_Digital_II/Laboratorios/Lab2-Digital-II/ALU_DivisorLab2\vivado.jou
#-----------------------------------------------------------
start_gui
open_project C:/Datos/UNAL/Materias/2022-1/Electronica_Digital_II/Laboratorios/Lab2-Digital-II/ALU_DivisorLab2/ALU_DivisorLab2.xpr
update_compile_order -fileset sources_1
launch_simulation
source testbench.tcl
run 3 ms
close_sim
launch_simulation
source testbench.tcl
run 3 ms
reset_run synth_1
launch_runs impl_1 -to_step write_bitstream -jobs 4
wait_on_run impl_1
close_sim
reset_run synth_1
launch_runs impl_1 -to_step write_bitstream -jobs 4
wait_on_run impl_1
reset_run synth_1
launch_runs impl_1 -to_step write_bitstream -jobs 4
wait_on_run impl_1
reset_run synth_1
launch_runs impl_1 -to_step write_bitstream -jobs 4
wait_on_run impl_1
reset_run synth_1
launch_runs impl_1 -to_step write_bitstream -jobs 4
wait_on_run impl_1
